way over the hills 12
lived a log file 5
the scary little log 67
the file he was 4798
the the the log 59
he had repeating repeating 1
and repeating lines like 8
and repeating lines like 4
and no lines sometimes 34
but also the end 0